// Jest Snapshot v1, https://goo.gl/fbAQLP

exports[`<CanvasLayoutContainer /> render() renders the component 1`] = `<Connect(_default) />`;
