// Jest Snapshot v1, https://goo.gl/fbAQLP

exports[`<CanvasContainer /> render() renders the component 1`] = `<Connect(CanvasContainer) />`;
