// Jest Snapshot v1, https://goo.gl/fbAQLP

exports[`<MagicCanvas /> render() renders the component 1`] = `<MagicCanvas />`;
