// Jest Snapshot v1, https://goo.gl/fbAQLP

exports[`GET_CANVAS_SUCCESS is correct 1`] = `
Object {
  "canvas": undefined,
}
`;
