// Jest Snapshot v1, https://goo.gl/fbAQLP

exports[`LOAD_CANVAS_LAYOUT is correct 1`] = `
Object {
  "title": undefined,
}
`;
